---
source: crates/aivi-syntax/tests/snapshots.rs
expression: module
---
Module {
    file: FileId(
        0,
    ),
    items: [
        Type(
            NamedItem {
                base: ItemBase {
                    span: SourceSpan {
                        file: FileId(
                            0,
                        ),
                        span: Span {
                            start: ByteIndex(
                                0,
                            ),
                            end: ByteIndex(
                                142,
                            ),
                        },
                    },
                    token_range: TokenRange {
                        start: 0,
                        end: 54,
                    },
                    decorators: [],
                    leading_comments: [],
                },
                keyword_span: SourceSpan {
                    file: FileId(
                        0,
                    ),
                    span: Span {
                        start: ByteIndex(
                            0,
                        ),
                        end: ByteIndex(
                            4,
                        ),
                    },
                },
                name: Some(
                    Identifier {
                        text: "Player",
                        span: SourceSpan {
                            file: FileId(
                                0,
                            ),
                            span: Span {
                                start: ByteIndex(
                                    5,
                                ),
                                end: ByteIndex(
                                    11,
                                ),
                            },
                        },
                    },
                ),
                type_parameters: [],
                constraints: [],
                annotation: None,
                function_form: Explicit,
                parameters: [],
                body: Some(
                    Type(
                        Sum(
                            TypeSumBody {
                                variants: [
                                    TypeVariant {
                                        name: Some(
                                            Identifier {
                                                text: "Human",
                                                span: SourceSpan {
                                                    file: FileId(
                                                        0,
                                                    ),
                                                    span: Span {
                                                        start: ByteIndex(
                                                            22,
                                                        ),
                                                        end: ByteIndex(
                                                            27,
                                                        ),
                                                    },
                                                },
                                            },
                                        ),
                                        fields: [],
                                        span: SourceSpan {
                                            file: FileId(
                                                0,
                                            ),
                                            span: Span {
                                                start: ByteIndex(
                                                    22,
                                                ),
                                                end: ByteIndex(
                                                    27,
                                                ),
                                            },
                                        },
                                    },
                                    TypeVariant {
                                        name: Some(
                                            Identifier {
                                                text: "Computer",
                                                span: SourceSpan {
                                                    file: FileId(
                                                        0,
                                                    ),
                                                    span: Span {
                                                        start: ByteIndex(
                                                            34,
                                                        ),
                                                        end: ByteIndex(
                                                            42,
                                                        ),
                                                    },
                                                },
                                            },
                                        ),
                                        fields: [],
                                        span: SourceSpan {
                                            file: FileId(
                                                0,
                                            ),
                                            span: Span {
                                                start: ByteIndex(
                                                    34,
                                                ),
                                                end: ByteIndex(
                                                    42,
                                                ),
                                            },
                                        },
                                    },
                                ],
                                companions: [
                                    TypeCompanionMember {
                                        name: Identifier {
                                            text: "opponent",
                                            span: SourceSpan {
                                                file: FileId(
                                                    0,
                                                ),
                                                span: Span {
                                                    start: ByteIndex(
                                                        74,
                                                    ),
                                                    end: ByteIndex(
                                                        82,
                                                    ),
                                                },
                                            },
                                        },
                                        annotation: Some(
                                            TypeExpr {
                                                kind: Arrow {
                                                    parameter: TypeExpr {
                                                        kind: Name(
                                                            Identifier {
                                                                text: "Player",
                                                                span: SourceSpan {
                                                                    file: FileId(
                                                                        0,
                                                                    ),
                                                                    span: Span {
                                                                        start: ByteIndex(
                                                                            53,
                                                                        ),
                                                                        end: ByteIndex(
                                                                            59,
                                                                        ),
                                                                    },
                                                                },
                                                            },
                                                        ),
                                                        span: SourceSpan {
                                                            file: FileId(
                                                                0,
                                                            ),
                                                            span: Span {
                                                                start: ByteIndex(
                                                                    53,
                                                                ),
                                                                end: ByteIndex(
                                                                    59,
                                                                ),
                                                            },
                                                        },
                                                    },
                                                    result: TypeExpr {
                                                        kind: Name(
                                                            Identifier {
                                                                text: "Player",
                                                                span: SourceSpan {
                                                                    file: FileId(
                                                                        0,
                                                                    ),
                                                                    span: Span {
                                                                        start: ByteIndex(
                                                                            63,
                                                                        ),
                                                                        end: ByteIndex(
                                                                            69,
                                                                        ),
                                                                    },
                                                                },
                                                            },
                                                        ),
                                                        span: SourceSpan {
                                                            file: FileId(
                                                                0,
                                                            ),
                                                            span: Span {
                                                                start: ByteIndex(
                                                                    63,
                                                                ),
                                                                end: ByteIndex(
                                                                    69,
                                                                ),
                                                            },
                                                        },
                                                    },
                                                },
                                                span: SourceSpan {
                                                    file: FileId(
                                                        0,
                                                    ),
                                                    span: Span {
                                                        start: ByteIndex(
                                                            53,
                                                        ),
                                                        end: ByteIndex(
                                                            69,
                                                        ),
                                                    },
                                                },
                                            },
                                        ),
                                        function_form: UnarySubjectSugar,
                                        parameters: [
                                            FunctionParam {
                                                name: Some(
                                                    Identifier {
                                                        text: "arg1",
                                                        span: SourceSpan {
                                                            file: FileId(
                                                                0,
                                                            ),
                                                            span: Span {
                                                                start: ByteIndex(
                                                                    85,
                                                                ),
                                                                end: ByteIndex(
                                                                    86,
                                                                ),
                                                            },
                                                        },
                                                    },
                                                ),
                                                annotation: None,
                                                span: SourceSpan {
                                                    file: FileId(
                                                        0,
                                                    ),
                                                    span: Span {
                                                        start: ByteIndex(
                                                            85,
                                                        ),
                                                        end: ByteIndex(
                                                            86,
                                                        ),
                                                    },
                                                },
                                            },
                                        ],
                                        body: Some(
                                            Expr {
                                                kind: Pipe(
                                                    PipeExpr {
                                                        head: Some(
                                                            Expr {
                                                                kind: Name(
                                                                    Identifier {
                                                                        text: "arg1",
                                                                        span: SourceSpan {
                                                                            file: FileId(
                                                                                0,
                                                                            ),
                                                                            span: Span {
                                                                                start: ByteIndex(
                                                                                    85,
                                                                                ),
                                                                                end: ByteIndex(
                                                                                    86,
                                                                                ),
                                                                            },
                                                                        },
                                                                    },
                                                                ),
                                                                span: SourceSpan {
                                                                    file: FileId(
                                                                        0,
                                                                    ),
                                                                    span: Span {
                                                                        start: ByteIndex(
                                                                            85,
                                                                        ),
                                                                        end: ByteIndex(
                                                                            86,
                                                                        ),
                                                                    },
                                                                },
                                                            },
                                                        ),
                                                        stages: [
                                                            PipeStage {
                                                                subject_memo: None,
                                                                result_memo: None,
                                                                kind: Case(
                                                                    PipeCaseArm {
                                                                        pattern: Pattern {
                                                                            kind: Name(
                                                                                Identifier {
                                                                                    text: "Human",
                                                                                    span: SourceSpan {
                                                                                        file: FileId(
                                                                                            0,
                                                                                        ),
                                                                                        span: Span {
                                                                                            start: ByteIndex(
                                                                                                96,
                                                                                            ),
                                                                                            end: ByteIndex(
                                                                                                101,
                                                                                            ),
                                                                                        },
                                                                                    },
                                                                                },
                                                                            ),
                                                                            span: SourceSpan {
                                                                                file: FileId(
                                                                                    0,
                                                                                ),
                                                                                span: Span {
                                                                                    start: ByteIndex(
                                                                                        96,
                                                                                    ),
                                                                                    end: ByteIndex(
                                                                                        101,
                                                                                    ),
                                                                                },
                                                                            },
                                                                        },
                                                                        body: Expr {
                                                                            kind: Name(
                                                                                Identifier {
                                                                                    text: "Computer",
                                                                                    span: SourceSpan {
                                                                                        file: FileId(
                                                                                            0,
                                                                                        ),
                                                                                        span: Span {
                                                                                            start: ByteIndex(
                                                                                                105,
                                                                                            ),
                                                                                            end: ByteIndex(
                                                                                                113,
                                                                                            ),
                                                                                        },
                                                                                    },
                                                                                },
                                                                            ),
                                                                            span: SourceSpan {
                                                                                file: FileId(
                                                                                    0,
                                                                                ),
                                                                                span: Span {
                                                                                    start: ByteIndex(
                                                                                        105,
                                                                                    ),
                                                                                    end: ByteIndex(
                                                                                        113,
                                                                                    ),
                                                                                },
                                                                            },
                                                                        },
                                                                        span: SourceSpan {
                                                                            file: FileId(
                                                                                0,
                                                                            ),
                                                                            span: Span {
                                                                                start: ByteIndex(
                                                                                    96,
                                                                                ),
                                                                                end: ByteIndex(
                                                                                    113,
                                                                                ),
                                                                            },
                                                                        },
                                                                    },
                                                                ),
                                                                span: SourceSpan {
                                                                    file: FileId(
                                                                        0,
                                                                    ),
                                                                    span: Span {
                                                                        start: ByteIndex(
                                                                            92,
                                                                        ),
                                                                        end: ByteIndex(
                                                                            113,
                                                                        ),
                                                                    },
                                                                },
                                                            },
                                                            PipeStage {
                                                                subject_memo: None,
                                                                result_memo: None,
                                                                kind: Case(
                                                                    PipeCaseArm {
                                                                        pattern: Pattern {
                                                                            kind: Name(
                                                                                Identifier {
                                                                                    text: "Computer",
                                                                                    span: SourceSpan {
                                                                                        file: FileId(
                                                                                            0,
                                                                                        ),
                                                                                        span: Span {
                                                                                            start: ByteIndex(
                                                                                                123,
                                                                                            ),
                                                                                            end: ByteIndex(
                                                                                                131,
                                                                                            ),
                                                                                        },
                                                                                    },
                                                                                },
                                                                            ),
                                                                            span: SourceSpan {
                                                                                file: FileId(
                                                                                    0,
                                                                                ),
                                                                                span: Span {
                                                                                    start: ByteIndex(
                                                                                        123,
                                                                                    ),
                                                                                    end: ByteIndex(
                                                                                        131,
                                                                                    ),
                                                                                },
                                                                            },
                                                                        },
                                                                        body: Expr {
                                                                            kind: Name(
                                                                                Identifier {
                                                                                    text: "Human",
                                                                                    span: SourceSpan {
                                                                                        file: FileId(
                                                                                            0,
                                                                                        ),
                                                                                        span: Span {
                                                                                            start: ByteIndex(
                                                                                                135,
                                                                                            ),
                                                                                            end: ByteIndex(
                                                                                                140,
                                                                                            ),
                                                                                        },
                                                                                    },
                                                                                },
                                                                            ),
                                                                            span: SourceSpan {
                                                                                file: FileId(
                                                                                    0,
                                                                                ),
                                                                                span: Span {
                                                                                    start: ByteIndex(
                                                                                        135,
                                                                                    ),
                                                                                    end: ByteIndex(
                                                                                        140,
                                                                                    ),
                                                                                },
                                                                            },
                                                                        },
                                                                        span: SourceSpan {
                                                                            file: FileId(
                                                                                0,
                                                                            ),
                                                                            span: Span {
                                                                                start: ByteIndex(
                                                                                    123,
                                                                                ),
                                                                                end: ByteIndex(
                                                                                    140,
                                                                                ),
                                                                            },
                                                                        },
                                                                    },
                                                                ),
                                                                span: SourceSpan {
                                                                    file: FileId(
                                                                        0,
                                                                    ),
                                                                    span: Span {
                                                                        start: ByteIndex(
                                                                            119,
                                                                        ),
                                                                        end: ByteIndex(
                                                                            140,
                                                                        ),
                                                                    },
                                                                },
                                                            },
                                                        ],
                                                        span: SourceSpan {
                                                            file: FileId(
                                                                0,
                                                            ),
                                                            span: Span {
                                                                start: ByteIndex(
                                                                    85,
                                                                ),
                                                                end: ByteIndex(
                                                                    140,
                                                                ),
                                                            },
                                                        },
                                                    },
                                                ),
                                                span: SourceSpan {
                                                    file: FileId(
                                                        0,
                                                    ),
                                                    span: Span {
                                                        start: ByteIndex(
                                                            85,
                                                        ),
                                                        end: ByteIndex(
                                                            140,
                                                        ),
                                                    },
                                                },
                                            },
                                        ),
                                        span: SourceSpan {
                                            file: FileId(
                                                0,
                                            ),
                                            span: Span {
                                                start: ByteIndex(
                                                    74,
                                                ),
                                                end: ByteIndex(
                                                    140,
                                                ),
                                            },
                                        },
                                    },
                                ],
                                span: SourceSpan {
                                    file: FileId(
                                        0,
                                    ),
                                    span: Span {
                                        start: ByteIndex(
                                            14,
                                        ),
                                        end: ByteIndex(
                                            142,
                                        ),
                                    },
                                },
                            },
                        ),
                    ),
                ),
            },
        ),
    ],
    token_count: 54,
}
